// Vitest Snapshot v1, https://vitest.dev/guide/snapshot.html

exports[`End-to-end: offline scan (task I.1) > produces a schema-valid Findings via scanStore({ offlineFixturesDir }), deterministic apart from generatedAt 1`] = `
{
  "headline": {
    "productsLeakingOnMerch": 20,
    "productsScanned": 190,
    "soldOutPdpsWithoutCapture": 0,
    "variantsSoldOut": 203,
    "variantsTotal": 959,
  },
  "methodology": {
    "limits": [
      "scores are indices, not currency: public storefront data carries no order-volume or revenue signal",
      "collection membership recorded for 12/225 collections in fixtures; rest treated as empty (fixture-recording bound, not a live-scan limitation)",
      "shipping and refund policies not checked (robots.txt disallows /policies/ for *)",
      "A1: public storefront JSON reflects live availability; can lag minutes behind actual stock",
      "A2: collection order approximates merchandising intent; bestseller-style handles approximate demand",
      "A3: a sold-out variant on a merchandised product is intent lost; we cannot see how much",
      "A4: detection of back-in-stock capture by HTML markers is approximate (themes vary)",
      "A5: assumes the reviewer runs on macOS/Linux with Node >=20",
    ],
    "weights": {
      "breadth": 0.15,
      "discounted": 0.1,
      "inMerch": 0.35,
      "position": 0.25,
      "recency": 0.15,
      "velocity": 0.2,
    },
  },
  "restock": [
    {
      "components": {
        "breadth": 0.4,
        "discounted": 0,
        "inMerch": 1,
        "position": 0.8172043010752688,
        "recency": 1,
        "velocity": 0,
      },
      "demandProxy": 0.7643010752688172,
      "handle": "kerehaklu-estate-light-1",
      "leakage": 1,
      "medianPrice": 1580,
      "priceFactor": 0.7616898728343634,
      "rank": 1,
      "reason": "3/3 variants sold out (250g, 500g, 1000g); in Bestsellers at position 17; updated 0d ago",
      "restockPriority": 0.673230732048745,
      "soldOutVariantTitles": [
        "250g",
        "500g",
        "1000g",
      ],
      "soldOutVariants": 3,
      "title": "Kerehaklu Estate",
      "totalVariants": 3,
      "url": "https://bluetokaicoffee.com/products/kerehaklu-estate-light-1",
    },
    {
      "components": {
        "breadth": 0.2,
        "discounted": 0,
        "inMerch": 1,
        "position": 0.8780487804878049,
        "recency": 1,
        "velocity": 0,
      },
      "demandProxy": 0.7495121951219512,
      "handle": "amruthavarshini-estate",
      "leakage": 1,
      "medianPrice": 1395,
      "priceFactor": 0.7488210039260825,
      "rank": 2,
      "reason": "39/39 variants sold out (250g / Whole Bean, 250g / Aeropress, 250g / Channi); in Best Coffee Beans in India at position 5; updated 0d ago",
      "restockPriority": 0.6553813347640063,
      "soldOutVariantTitles": [
        "250g / Whole Bean",
        "250g / Aeropress",
        "250g / Channi",
        "250g / Coffee Filter",
        "250g / Cold Brew",
        "250g / Commercial Espresso",
        "250g / French Press",
        "250g / Home Espresso",
        "250g / Inverted Aeropress",
        "250g / Moka Pot",
        "250g / Pourover",
        "250g / South Indian Filter",
        "250g / Turkish",
        "500g / Whole Bean",
        "500g / Aeropress",
        "500g / Channi",
        "500g / Coffee Filter",
        "500g / Cold Brew",
        "500g / Commercial Espresso",
        "500g / French Press",
        "500g / Home Espresso",
        "500g / Inverted Aeropress",
        "500g / Moka Pot",
        "500g / Pourover",
        "500g / South Indian Filter",
        "500g / Turkish",
        "1000g / Whole Bean",
        "1000g / Aeropress",
        "1000g / Channi",
        "1000g / Coffee Filter",
        "1000g / Cold Brew",
        "1000g / Commercial Espresso",
        "1000g / French Press",
        "1000g / Home Espresso",
        "1000g / Inverted Aeropress",
        "1000g / Moka Pot",
        "1000g / Pourover",
        "1000g / South Indian Filter",
        "1000g / Turkish",
      ],
      "soldOutVariants": 39,
      "title": "Amruthavarshini Estate",
      "totalVariants": 39,
      "url": "https://bluetokaicoffee.com/products/amruthavarshini-estate",
    },
    {
      "components": {
        "breadth": 0.4,
        "discounted": 0,
        "inMerch": 1,
        "position": 0.8387096774193549,
        "recency": 1,
        "velocity": 0,
      },
      "demandProxy": 0.7696774193548387,
      "handle": "assorted-6-pack",
      "leakage": 1,
      "medianPrice": 890,
      "priceFactor": 0.7023881922538058,
      "rank": 3,
      "reason": "1/1 variants sold out (Default Title); in Bestsellers at position 15; updated 0d ago",
      "restockPriority": 0.6551448752770291,
      "soldOutVariantTitles": [
        "Default Title",
      ],
      "soldOutVariants": 1,
      "title": "Assorted 6-Pack",
      "totalVariants": 1,
      "url": "https://bluetokaicoffee.com/products/assorted-6-pack",
    },
    {
      "components": {
        "breadth": 0.2,
        "discounted": 0,
        "inMerch": 1,
        "position": 0.9024390243902439,
        "recency": 1,
        "velocity": 0,
      },
      "demandProxy": 0.755609756097561,
      "handle": "wine-barrel-aged",
      "leakage": 1,
      "medianPrice": 650,
      "priceFactor": 0.6699349134425623,
      "rank": 4,
      "reason": "1/1 variants sold out (250g); in Best Coffee Beans in India at position 4; updated 0d ago",
      "restockPriority": 0.6309095563225681,
      "soldOutVariantTitles": [
        "250g",
      ],
      "soldOutVariants": 1,
      "title": "Wine Barrel Aged Coffee",
      "totalVariants": 1,
      "url": "https://bluetokaicoffee.com/products/wine-barrel-aged",
    },
    {
      "components": {
        "breadth": 0.2,
        "discounted": 0,
        "inMerch": 1,
        "position": 0.5913978494623655,
        "recency": 1,
        "velocity": 0,
      },
      "demandProxy": 0.6778494623655914,
      "handle": "raxidi-lobo-estate-anaerobic-naturals",
      "leakage": 1,
      "medianPrice": 1675,
      "priceFactor": 0.7677240290781748,
      "rank": 5,
      "reason": "3/3 variants sold out (250g, 500g, 1kg); in Bestsellers at position 38; updated 0d ago",
      "restockPriority": 0.599125391360689,
      "soldOutVariantTitles": [
        "250g",
        "500g",
        "1kg",
      ],
      "soldOutVariants": 3,
      "title": "Raxidi Lobo Estate - Anaerobic Natural",
      "totalVariants": 3,
      "url": "https://bluetokaicoffee.com/products/raxidi-lobo-estate-anaerobic-naturals",
    },
    {
      "components": {
        "breadth": 0.4,
        "discounted": 0,
        "inMerch": 1,
        "position": 0.5591397849462365,
        "recency": 1,
        "velocity": 0,
      },
      "demandProxy": 0.6997849462365592,
      "handle": "kerehaklu-estate-peaberries",
      "leakage": 1,
      "medianPrice": 800,
      "priceFactor": 0.6913768632342879,
      "rank": 6,
      "reason": "1/1 variants sold out (250g); in Bestsellers at position 41; updated 0d ago",
      "restockPriority": 0.5918000336520832,
      "soldOutVariantTitles": [
        "250g",
      ],
      "soldOutVariants": 1,
      "title": "Kerehaklu Estate - Peaberries",
      "totalVariants": 1,
      "url": "https://bluetokaicoffee.com/products/kerehaklu-estate-peaberries",
    },
    {
      "components": {
        "breadth": 0.4,
        "discounted": 0,
        "inMerch": 1,
        "position": 0.5698924731182795,
        "recency": 1,
        "velocity": 0,
      },
      "demandProxy": 0.7024731182795699,
      "handle": "origin-unhurried-yercaud-pack",
      "leakage": 1,
      "medianPrice": 750,
      "priceFactor": 0.6847116184379816,
      "rank": 7,
      "reason": "1/1 variants sold out (225g); in Bestsellers at position 40; updated 0d ago",
      "restockPriority": 0.5917323120029749,
      "soldOutVariantTitles": [
        "225g",
      ],
      "soldOutVariants": 1,
      "title": "Origin Unhurried: Yercaud Pack",
      "totalVariants": 1,
      "url": "https://bluetokaicoffee.com/products/origin-unhurried-yercaud-pack",
    },
    {
      "components": {
        "breadth": 0.2,
        "discounted": 0,
        "inMerch": 1,
        "position": 0.6341463414634146,
        "recency": 1,
        "velocity": 0,
      },
      "demandProxy": 0.6885365853658537,
      "handle": "howdia-estate",
      "leakage": 1,
      "medianPrice": 850,
      "priceFactor": 0.6976383883042079,
      "rank": 8,
      "reason": "1/1 variants sold out (250g); in Best Coffee Beans in India at position 15; updated 0d ago",
      "restockPriority": 0.5844430695344853,
      "soldOutVariantTitles": [
        "250g",
      ],
      "soldOutVariants": 1,
      "title": "Howdia Estate",
      "totalVariants": 1,
      "url": "https://bluetokaicoffee.com/products/howdia-estate",
    },
    {
      "components": {
        "breadth": 0.2,
        "discounted": 0,
        "inMerch": 1,
        "position": 0.5161290322580645,
        "recency": 1,
        "velocity": 0,
      },
      "demandProxy": 0.6590322580645162,
      "handle": "warsanlyngdoh-coffee-collective",
      "leakage": 1,
      "medianPrice": 1395,
      "priceFactor": 0.7488210039260825,
      "rank": 9,
      "reason": "39/39 variants sold out (250g / Whole Bean, 250g / Aeropress, 250g / Channi); in Bestsellers at position 45; updated 0d ago",
      "restockPriority": 0.5762647275840301,
      "soldOutVariantTitles": [
        "250g / Whole Bean",
        "250g / Aeropress",
        "250g / Channi",
        "250g / Coffee Filter",
        "250g / Cold Brew",
        "250g / Commercial Espresso",
        "250g / French Press",
        "250g / Home Espresso",
        "250g / Inverted Aeropress",
        "250g / Moka Pot",
        "250g / Pourover",
        "250g / South Indian Filter",
        "250g / Turkish",
        "500g / Whole Bean",
        "500g / Aeropress",
        "500g / Channi",
        "500g / Coffee Filter",
        "500g / Cold Brew",
        "500g / Commercial Espresso",
        "500g / French Press",
        "500g / Home Espresso",
        "500g / Inverted Aeropress",
        "500g / Moka Pot",
        "500g / Pourover",
        "500g / South Indian Filter",
        "500g / Turkish",
        "1000g / Whole Bean",
        "1000g / Aeropress",
        "1000g / Channi",
        "1000g / Coffee Filter",
        "1000g / Cold Brew",
        "1000g / Commercial Espresso",
        "1000g / French Press",
        "1000g / Home Espresso",
        "1000g / Inverted Aeropress",
        "1000g / Moka Pot",
        "1000g / Pourover",
        "1000g / South Indian Filter",
        "1000g / Turkish",
      ],
      "soldOutVariants": 39,
      "title": "Warsanlyngdoh Coffee Collective",
      "totalVariants": 39,
      "url": "https://bluetokaicoffee.com/products/warsanlyngdoh-coffee-collective",
    },
    {
      "components": {
        "breadth": 0.2,
        "discounted": 0,
        "inMerch": 1,
        "position": 0.5806451612903225,
        "recency": 1,
        "velocity": 0,
      },
      "demandProxy": 0.6751612903225807,
      "handle": "riverdale-estate-white-rose-2",
      "leakage": 1,
      "medianPrice": 800,
      "priceFactor": 0.6913768632342879,
      "rank": 10,
      "reason": "1/1 variants sold out (250g); in Bestsellers at position 39; updated 0d ago",
      "restockPriority": 0.5709760927015105,
      "soldOutVariantTitles": [
        "250g",
      ],
      "soldOutVariants": 1,
      "title": "Riverdale Estate - White Rose",
      "totalVariants": 1,
      "url": "https://bluetokaicoffee.com/products/riverdale-estate-white-rose-2",
    },
    {
      "components": {
        "breadth": 0.2,
        "discounted": 0,
        "inMerch": 1,
        "position": 0.5483870967741935,
        "recency": 1,
        "velocity": 0,
      },
      "demandProxy": 0.6670967741935484,
      "handle": "msp-micro-lot-blend",
      "leakage": 1,
      "medianPrice": 750,
      "priceFactor": 0.6847116184379816,
      "rank": 11,
      "reason": "1/1 variants sold out (250g); in Bestsellers at position 42; updated 0d ago",
      "restockPriority": 0.5619328430531848,
      "soldOutVariantTitles": [
        "250g",
      ],
      "soldOutVariants": 1,
      "title": "MSP Micro Lot Blend",
      "totalVariants": 1,
      "url": "https://bluetokaicoffee.com/products/msp-micro-lot-blend",
    },
    {
      "components": {
        "breadth": 0.2,
        "discounted": 0,
        "inMerch": 1,
        "position": 0.5053763440860215,
        "recency": 1,
        "velocity": 0,
      },
      "demandProxy": 0.6563440860215054,
      "handle": "mooleh-manay-estate-cm-natural",
      "leakage": 1,
      "medianPrice": 875,
      "priceFactor": 0.7006324828322318,
      "rank": 12,
      "reason": "1/1 variants sold out (200g); in Bestsellers at position 46; updated 0d ago",
      "restockPriority": 0.5581000363015023,
      "soldOutVariantTitles": [
        "200g",
      ],
      "soldOutVariants": 1,
      "title": "Mooleh Manay Estate – CM Natural",
      "totalVariants": 1,
      "url": "https://bluetokaicoffee.com/products/mooleh-manay-estate-cm-natural",
    },
    {
      "components": {
        "breadth": 0.2,
        "discounted": 0,
        "inMerch": 1,
        "position": 0.4838709677419355,
        "recency": 1,
        "velocity": 0,
      },
      "demandProxy": 0.6509677419354839,
      "handle": "skia-coffee-pack-of-2",
      "leakage": 1,
      "medianPrice": 600,
      "priceFactor": 0.6616710293512067,
      "rank": 13,
      "reason": "1/1 variants sold out (200g); in Bestsellers at position 48; updated 0d ago",
      "restockPriority": 0.5408471189081832,
      "soldOutVariantTitles": [
        "200g",
      ],
      "soldOutVariants": 1,
      "title": "SKIA Coffee (Pack of 2)",
      "totalVariants": 1,
      "url": "https://bluetokaicoffee.com/products/skia-coffee-pack-of-2",
    },
    {
      "components": {
        "breadth": 0.2,
        "discounted": 0,
        "inMerch": 1,
        "position": 0.30107526881720426,
        "recency": 1,
        "velocity": 0,
      },
      "demandProxy": 0.605268817204301,
      "handle": "araku-viishalakshi-fpc",
      "leakage": 1,
      "medianPrice": 1488,
      "priceFactor": 0.7554902252103595,
      "rank": 14,
      "reason": "3/3 variants sold out (250g, 500g, 1000g); in Bestsellers at position 65; updated 0d ago",
      "restockPriority": 0.5312717461133931,
      "soldOutVariantTitles": [
        "250g",
        "500g",
        "1000g",
      ],
      "soldOutVariants": 3,
      "title": "Araku - Viishalakshi FPC",
      "totalVariants": 3,
      "url": "https://bluetokaicoffee.com/products/araku-viishalakshi-fpc",
    },
    {
      "components": {
        "breadth": 0.2,
        "discounted": 0,
        "inMerch": 1,
        "position": 0.9882352941176471,
        "recency": 1,
        "velocity": 0,
      },
      "demandProxy": 0.7770588235294118,
      "handle": "mokapot-printed-blue-coffee-tshirt",
      "leakage": 0.8,
      "medianPrice": 899,
      "priceFactor": 0.7034274854326285,
      "rank": 15,
      "reason": "4/5 variants sold out (Blue / Small, Blue / Medium, Blue / Large); in Best selling products at position 1; updated 0d ago",
      "restockPriority": 0.5294653431191769,
      "soldOutVariantTitles": [
        "Blue / Small",
        "Blue / Medium",
        "Blue / Large",
        "Blue / Extra Large",
      ],
      "soldOutVariants": 4,
      "title": "COFFEE T-SHIRT Blue (Mokapot)",
      "totalVariants": 5,
      "url": "https://bluetokaicoffee.com/products/mokapot-printed-blue-coffee-tshirt",
    },
    {
      "components": {
        "breadth": 0.2,
        "discounted": 0,
        "inMerch": 1,
        "position": 0.29032258064516125,
        "recency": 1,
        "velocity": 0,
      },
      "demandProxy": 0.6025806451612903,
      "handle": "riverdale-estate-mosto",
      "leakage": 1,
      "medianPrice": 1000,
      "priceFactor": 0.7144260471454005,
      "rank": 16,
      "reason": "1/1 variants sold out (200g); in Bestsellers at position 66; updated 0d ago",
      "restockPriority": 0.516539976785098,
      "soldOutVariantTitles": [
        "200g",
      ],
      "soldOutVariants": 1,
      "title": "Riverdale Estate - Mosto",
      "totalVariants": 1,
      "url": "https://bluetokaicoffee.com/products/riverdale-estate-mosto",
    },
    {
      "components": {
        "breadth": 0.2,
        "discounted": 0,
        "inMerch": 1,
        "position": 0.25806451612903225,
        "recency": 1,
        "velocity": 0,
      },
      "demandProxy": 0.594516129032258,
      "handle": "baarbara-estate-whiskey-barrel",
      "leakage": 1,
      "medianPrice": 1250,
      "priceFactor": 0.7374803910424257,
      "rank": 17,
      "reason": "1/1 variants sold out (250g); in Bestsellers at position 69; updated 0d ago",
      "restockPriority": 0.5164800581759984,
      "soldOutVariantTitles": [
        "250g",
      ],
      "soldOutVariants": 1,
      "title": "Baarbara Estate - Whiskey Barrel Aged",
      "totalVariants": 1,
      "url": "https://bluetokaicoffee.com/products/baarbara-estate-whiskey-barrel",
    },
    {
      "components": {
        "breadth": 0.2,
        "discounted": 0,
        "inMerch": 1,
        "position": 0.27956989247311825,
        "recency": 1,
        "velocity": 0,
      },
      "demandProxy": 0.5998924731182795,
      "handle": "raxidi-lobo-estate-pichia-yeast",
      "leakage": 1,
      "medianPrice": 1000,
      "priceFactor": 0.7144260471454005,
      "rank": 18,
      "reason": "1/1 variants sold out (200g); in Bestsellers at position 67; updated 0d ago",
      "restockPriority": 0.5142356407002252,
      "soldOutVariantTitles": [
        "200g",
      ],
      "soldOutVariants": 1,
      "title": "Raxidi Lobo Estate - Pichia Yeast",
      "totalVariants": 1,
      "url": "https://bluetokaicoffee.com/products/raxidi-lobo-estate-pichia-yeast",
    },
    {
      "components": {
        "breadth": 0.2,
        "discounted": 0,
        "inMerch": 1,
        "position": 0.3655913978494624,
        "recency": 1,
        "velocity": 0,
      },
      "demandProxy": 0.6213978494623656,
      "handle": "mocha-cold-coffee",
      "leakage": 1,
      "medianPrice": 530,
      "priceFactor": 0.6488656162808969,
      "rank": 19,
      "reason": "2/2 variants sold out (Pack of 2 Cans, Pack of 4 Cans); in Bestsellers at position 59; updated 0d ago",
      "restockPriority": 0.5123007740046938,
      "soldOutVariantTitles": [
        "Pack of 2 Cans",
        "Pack of 4 Cans",
      ],
      "soldOutVariants": 2,
      "title": "Mocha Cold Coffee",
      "totalVariants": 2,
      "url": "https://bluetokaicoffee.com/products/mocha-cold-coffee",
    },
    {
      "components": {
        "breadth": 0.2,
        "discounted": 0,
        "inMerch": 1,
        "position": 0.9032258064516129,
        "recency": 1,
        "velocity": 0,
      },
      "demandProxy": 0.7558064516129033,
      "handle": "monsoon-malabar-easy-pour-coffee-sachets",
      "leakage": 0.5,
      "medianPrice": 400,
      "priceFactor": 0.6198283635820522,
      "rank": 20,
      "reason": "1/2 variants sold out (Pack of 10 Sachets); in Bestsellers at position 9; updated 0d ago",
      "restockPriority": 0.30606918192522165,
      "soldOutVariantTitles": [
        "Pack of 10 Sachets",
      ],
      "soldOutVariants": 1,
      "title": "Monsoon Malabar | Medium-Dark Roast - Easy Pour",
      "totalVariants": 2,
      "url": "https://bluetokaicoffee.com/products/monsoon-malabar-easy-pour-coffee-sachets",
    },
    {
      "components": {
        "breadth": 0,
        "discounted": 0,
        "inMerch": 0,
        "position": 0,
        "recency": 1,
        "velocity": 0,
      },
      "demandProxy": 0.15,
      "handle": "bullet-french-press",
      "leakage": 1,
      "medianPrice": 2199,
      "priceFactor": 0.7958561201767983,
      "rank": 21,
      "reason": "1/1 variants sold out (Default Title); not in a merchandised collection; updated 0d ago",
      "restockPriority": 0.13468920901325987,
      "soldOutVariantTitles": [
        "Default Title",
      ],
      "soldOutVariants": 1,
      "title": "Bullet French Press",
      "totalVariants": 1,
      "url": "https://bluetokaicoffee.com/products/bullet-french-press",
    },
    {
      "components": {
        "breadth": 0,
        "discounted": 0,
        "inMerch": 0,
        "position": 0,
        "recency": 1,
        "velocity": 0,
      },
      "demandProxy": 0.15,
      "handle": "the-teenage-trail-box-of-13-coffees",
      "leakage": 1,
      "medianPrice": 1900,
      "priceFactor": 0.7807504420762543,
      "rank": 22,
      "reason": "1/1 variants sold out (390g); not in a merchandised collection; updated 0d ago",
      "restockPriority": 0.13355628315571907,
      "soldOutVariantTitles": [
        "390g",
      ],
      "soldOutVariants": 1,
      "title": "The Teenage Trail - Box of 13 Coffees",
      "totalVariants": 1,
      "url": "https://bluetokaicoffee.com/products/the-teenage-trail-box-of-13-coffees",
    },
    {
      "components": {
        "breadth": 0,
        "discounted": 0,
        "inMerch": 0,
        "position": 0,
        "recency": 1,
        "velocity": 0,
      },
      "demandProxy": 0.15,
      "handle": "big-box-of-comfort",
      "leakage": 1,
      "medianPrice": 1899,
      "priceFactor": 0.7806960307091177,
      "rank": 23,
      "reason": "1/1 variants sold out (Default Title); not in a merchandised collection; updated 0d ago",
      "restockPriority": 0.13355220230318382,
      "soldOutVariantTitles": [
        "Default Title",
      ],
      "soldOutVariants": 1,
      "title": "Big Box of Comfort",
      "totalVariants": 1,
      "url": "https://bluetokaicoffee.com/products/big-box-of-comfort",
    },
    {
      "components": {
        "breadth": 0,
        "discounted": 0,
        "inMerch": 0,
        "position": 0,
        "recency": 1,
        "velocity": 0,
      },
      "demandProxy": 0.15,
      "handle": "13th-birthday-blend",
      "leakage": 1,
      "medianPrice": 1488,
      "priceFactor": 0.7554902252103595,
      "rank": 24,
      "reason": "3/3 variants sold out (250g, 500g, 1000g); not in a merchandised collection; updated 0d ago",
      "restockPriority": 0.13166176689077697,
      "soldOutVariantTitles": [
        "250g",
        "500g",
        "1000g",
      ],
      "soldOutVariants": 3,
      "title": "13th Birthday Blend",
      "totalVariants": 3,
      "url": "https://bluetokaicoffee.com/products/13th-birthday-blend",
    },
    {
      "components": {
        "breadth": 0,
        "discounted": 0,
        "inMerch": 0,
        "position": 0,
        "recency": 1,
        "velocity": 0,
      },
      "demandProxy": 0.15,
      "handle": "winter-blend-1",
      "leakage": 1,
      "medianPrice": 1395,
      "priceFactor": 0.7488210039260825,
      "rank": 25,
      "reason": "39/39 variants sold out (250g / Whole Bean, 250g / Aeropress, 250g / Channi); not in a merchandised collection; updated 0d ago",
      "restockPriority": 0.13116157529445618,
      "soldOutVariantTitles": [
        "250g / Whole Bean",
        "250g / Aeropress",
        "250g / Channi",
        "250g / Coffee Filter",
        "250g / Cold Brew",
        "250g / Commercial Espresso",
        "250g / French Press",
        "250g / Home Espresso",
        "250g / Inverted Aeropress",
        "250g / Moka Pot",
        "250g / Pourover",
        "250g / South Indian Filter",
        "250g / Turkish",
        "500g / Whole Bean",
        "500g / Aeropress",
        "500g / Channi",
        "500g / Coffee Filter",
        "500g / Cold Brew",
        "500g / Commercial Espresso",
        "500g / French Press",
        "500g / Home Espresso",
        "500g / Inverted Aeropress",
        "500g / Moka Pot",
        "500g / Pourover",
        "500g / South Indian Filter",
        "500g / Turkish",
        "1000g / Whole Bean",
        "1000g / Aeropress",
        "1000g / Channi",
        "1000g / Coffee Filter",
        "1000g / Cold Brew",
        "1000g / Commercial Espresso",
        "1000g / French Press",
        "1000g / Home Espresso",
        "1000g / Inverted Aeropress",
        "1000g / Moka Pot",
        "1000g / Pourover",
        "1000g / South Indian Filter",
        "1000g / Turkish",
      ],
      "soldOutVariants": 39,
      "title": "Winter Blend",
      "totalVariants": 39,
      "url": "https://bluetokaicoffee.com/products/winter-blend-1",
    },
    {
      "components": {
        "breadth": 0,
        "discounted": 0,
        "inMerch": 0,
        "position": 0,
        "recency": 1,
        "velocity": 0,
      },
      "demandProxy": 0.15,
      "handle": "little-box-of-love",
      "leakage": 1,
      "medianPrice": 1299,
      "priceFactor": 0.7414534639908632,
      "rank": 26,
      "reason": "1/1 variants sold out (Default Title); not in a merchandised collection; updated 0d ago",
      "restockPriority": 0.13060900979931472,
      "soldOutVariantTitles": [
        "Default Title",
      ],
      "soldOutVariants": 1,
      "title": "Little Box of Love",
      "totalVariants": 1,
      "url": "https://bluetokaicoffee.com/products/little-box-of-love",
    },
    {
      "components": {
        "breadth": 0,
        "discounted": 0,
        "inMerch": 0,
        "position": 0,
        "recency": 1,
        "velocity": 0,
      },
      "demandProxy": 0.15,
      "handle": "riverdale-estate-gesha-natural",
      "leakage": 1,
      "medianPrice": 1200,
      "priceFactor": 0.7332624816877957,
      "rank": 27,
      "reason": "1/1 variants sold out (100gms); not in a merchandised collection; updated 0d ago",
      "restockPriority": 0.12999468612658469,
      "soldOutVariantTitles": [
        "100gms",
      ],
      "soldOutVariants": 1,
      "title": "Riverdale Estate - Gesha Natural",
      "totalVariants": 1,
      "url": "https://bluetokaicoffee.com/products/riverdale-estate-gesha-natural",
    },
    {
      "components": {
        "breadth": 0,
        "discounted": 0,
        "inMerch": 0,
        "position": 0,
        "recency": 1,
        "velocity": 0,
      },
      "demandProxy": 0.15,
      "handle": "kerehaklu-estate-blossom-culture",
      "leakage": 1,
      "medianPrice": 1000,
      "priceFactor": 0.7144260471454005,
      "rank": 28,
      "reason": "1/1 variants sold out (200g); not in a merchandised collection; updated 0d ago",
      "restockPriority": 0.12858195353590504,
      "soldOutVariantTitles": [
        "200g",
      ],
      "soldOutVariants": 1,
      "title": "Kerehaklu Estate - Blossom Culture",
      "totalVariants": 1,
      "url": "https://bluetokaicoffee.com/products/kerehaklu-estate-blossom-culture",
    },
    {
      "components": {
        "breadth": 0,
        "discounted": 0,
        "inMerch": 0,
        "position": 0,
        "recency": 1,
        "velocity": 0,
      },
      "demandProxy": 0.15,
      "handle": "crc",
      "leakage": 1,
      "medianPrice": 1000,
      "priceFactor": 0.7144260471454005,
      "rank": 29,
      "reason": "1/1 variants sold out (130g); not in a merchandised collection; updated 0d ago",
      "restockPriority": 0.12858195353590504,
      "soldOutVariantTitles": [
        "130g",
      ],
      "soldOutVariants": 1,
      "title": "Climate Resilient Coffees",
      "totalVariants": 1,
      "url": "https://bluetokaicoffee.com/products/crc",
    },
    {
      "components": {
        "breadth": 0,
        "discounted": 0,
        "inMerch": 0,
        "position": 0,
        "recency": 1,
        "velocity": 0,
      },
      "demandProxy": 0.15,
      "handle": "pourover-printed-coffee-tshirt",
      "leakage": 1,
      "medianPrice": 899,
      "priceFactor": 0.7034274854326285,
      "rank": 30,
      "reason": "5/5 variants sold out (Yellow / Small, Yellow / Medium, Yellow / Large); not in a merchandised collection; updated 0d ago",
      "restockPriority": 0.1277570614074471,
      "soldOutVariantTitles": [
        "Yellow / Small",
        "Yellow / Medium",
        "Yellow / Large",
        "Yellow / Extra Large",
        "Yellow / Double Extra Large",
      ],
      "soldOutVariants": 5,
      "title": "COFFEE T-SHIRT Yellow (Pour over)",
      "totalVariants": 5,
      "url": "https://bluetokaicoffee.com/products/pourover-printed-coffee-tshirt",
    },
    {
      "components": {
        "breadth": 0,
        "discounted": 0,
        "inMerch": 0,
        "position": 0,
        "recency": 1,
        "velocity": 0,
      },
      "demandProxy": 0.15,
      "handle": "mokapot-print-black-tshirt",
      "leakage": 1,
      "medianPrice": 899,
      "priceFactor": 0.7034274854326285,
      "rank": 31,
      "reason": "5/5 variants sold out (Small, Medium, Large); not in a merchandised collection; updated 0d ago",
      "restockPriority": 0.1277570614074471,
      "soldOutVariantTitles": [
        "Small",
        "Medium",
        "Large",
        "Extra Large",
        "Double Extra Large",
      ],
      "soldOutVariants": 5,
      "title": "COFFEE T-SHIRT Black (Mokapot)",
      "totalVariants": 5,
      "url": "https://bluetokaicoffee.com/products/mokapot-print-black-tshirt",
    },
    {
      "components": {
        "breadth": 0,
        "discounted": 0,
        "inMerch": 0,
        "position": 0,
        "recency": 1,
        "velocity": 0,
      },
      "demandProxy": 0.15,
      "handle": "riverdale-estate-fruit-punch",
      "leakage": 1,
      "medianPrice": 875,
      "priceFactor": 0.7006324828322318,
      "rank": 32,
      "reason": "1/1 variants sold out (200g); not in a merchandised collection; updated 0d ago",
      "restockPriority": 0.12754743621241738,
      "soldOutVariantTitles": [
        "200g",
      ],
      "soldOutVariants": 1,
      "title": "Riverdale Estate – Fruit Punch",
      "totalVariants": 1,
      "url": "https://bluetokaicoffee.com/products/riverdale-estate-fruit-punch",
    },
    {
      "components": {
        "breadth": 0,
        "discounted": 0,
        "inMerch": 0,
        "position": 0,
        "recency": 1,
        "velocity": 0,
      },
      "demandProxy": 0.15,
      "handle": "ratnagiri-estate-yc-01",
      "leakage": 1,
      "medianPrice": 875,
      "priceFactor": 0.7006324828322318,
      "rank": 33,
      "reason": "1/1 variants sold out (200g); not in a merchandised collection; updated 0d ago",
      "restockPriority": 0.12754743621241738,
      "soldOutVariantTitles": [
        "200g",
      ],
      "soldOutVariants": 1,
      "title": "Ratnagiri Estate - YC 01",
      "totalVariants": 1,
      "url": "https://bluetokaicoffee.com/products/ratnagiri-estate-yc-01",
    },
    {
      "components": {
        "breadth": 0,
        "discounted": 0,
        "inMerch": 0,
        "position": 0,
        "recency": 1,
        "velocity": 0,
      },
      "demandProxy": 0.15,
      "handle": "garigekhan-estate-cat-129",
      "leakage": 1,
      "medianPrice": 700,
      "priceFactor": 0.6775869832055583,
      "rank": 34,
      "reason": "1/1 variants sold out (100gms); not in a merchandised collection; updated 0d ago",
      "restockPriority": 0.12581902374041687,
      "soldOutVariantTitles": [
        "100gms",
      ],
      "soldOutVariants": 1,
      "title": "Garigekhan Estate - CAT - 129",
      "totalVariants": 1,
      "url": "https://bluetokaicoffee.com/products/garigekhan-estate-cat-129",
    },
    {
      "components": {
        "breadth": 0,
        "discounted": 0,
        "inMerch": 0,
        "position": 0,
        "recency": 1,
        "velocity": 0,
      },
      "demandProxy": 0.15,
      "handle": "half-caff",
      "leakage": 1,
      "medianPrice": 625,
      "priceFactor": 0.6658855001747935,
      "rank": 35,
      "reason": "2/2 variants sold out (100g, 200g); not in a merchandised collection; updated 0d ago",
      "restockPriority": 0.1249414125131095,
      "soldOutVariantTitles": [
        "100g",
        "200g",
      ],
      "soldOutVariants": 2,
      "title": "Half - Caff",
      "totalVariants": 2,
      "url": "https://bluetokaicoffee.com/products/half-caff",
    },
    {
      "components": {
        "breadth": 0,
        "discounted": 0,
        "inMerch": 0,
        "position": 0,
        "recency": 1,
        "velocity": 0,
      },
      "demandProxy": 0.15,
      "handle": "excelsa-by-mooleh-manay-estate",
      "leakage": 1,
      "medianPrice": 600,
      "priceFactor": 0.6616710293512067,
      "rank": 36,
      "reason": "1/1 variants sold out (100g); not in a merchandised collection; updated 0d ago",
      "restockPriority": 0.1246253272013405,
      "soldOutVariantTitles": [
        "100g",
      ],
      "soldOutVariants": 1,
      "title": "Excelsa by Mooleh Manay Estate",
      "totalVariants": 1,
      "url": "https://bluetokaicoffee.com/products/excelsa-by-mooleh-manay-estate",
    },
    {
      "components": {
        "breadth": 0,
        "discounted": 0,
        "inMerch": 0,
        "position": 0,
        "recency": 1,
        "velocity": 0,
      },
      "demandProxy": 0.15,
      "handle": "sicc-excelsa",
      "leakage": 1,
      "medianPrice": 560,
      "priceFactor": 0.6545488486008193,
      "rank": 37,
      "reason": "1/1 variants sold out (100gms); not in a merchandised collection; updated 0d ago",
      "restockPriority": 0.12409116364506144,
      "soldOutVariantTitles": [
        "100gms",
      ],
      "soldOutVariants": 1,
      "title": "SICC - Excelsa",
      "totalVariants": 1,
      "url": "https://bluetokaicoffee.com/products/sicc-excelsa",
    },
    {
      "components": {
        "breadth": 0,
        "discounted": 0,
        "inMerch": 0,
        "position": 0,
        "recency": 1,
        "velocity": 0,
      },
      "demandProxy": 0.15,
      "handle": "coffee-drip-bags",
      "leakage": 1,
      "medianPrice": 525,
      "priceFactor": 0.647887285418335,
      "rank": 38,
      "reason": "2/2 variants sold out (1 x 20 drip bags, 2 x 20 drip bags); not in a merchandised collection; updated 0d ago",
      "restockPriority": 0.12359154640637512,
      "soldOutVariantTitles": [
        "1 x 20 drip bags",
        "2 x 20 drip bags",
      ],
      "soldOutVariants": 2,
      "title": "Portable Drip Bags",
      "totalVariants": 2,
      "url": "https://bluetokaicoffee.com/products/coffee-drip-bags",
    },
    {
      "components": {
        "breadth": 0,
        "discounted": 0,
        "inMerch": 0,
        "position": 0,
        "recency": 1,
        "velocity": 0,
      },
      "demandProxy": 0.15,
      "handle": "taanka-festive-special",
      "leakage": 1,
      "medianPrice": 250,
      "priceFactor": 0.5713804626284804,
      "rank": 39,
      "reason": "1/1 variants sold out (Default Title); not in a merchandised collection; updated 0d ago",
      "restockPriority": 0.11785353469713603,
      "soldOutVariantTitles": [
        "Default Title",
      ],
      "soldOutVariants": 1,
      "title": "Taanka | Festive Special",
      "totalVariants": 1,
      "url": "https://bluetokaicoffee.com/products/taanka-festive-special",
    },
    {
      "components": {
        "breadth": 0,
        "discounted": 0,
        "inMerch": 0,
        "position": 0,
        "recency": 1,
        "velocity": 0,
      },
      "demandProxy": 0.15,
      "handle": "taanka-classic-blue",
      "leakage": 1,
      "medianPrice": 250,
      "priceFactor": 0.5713804626284804,
      "rank": 40,
      "reason": "1/1 variants sold out (Default Title); not in a merchandised collection; updated 0d ago",
      "restockPriority": 0.11785353469713603,
      "soldOutVariantTitles": [
        "Default Title",
      ],
      "soldOutVariants": 1,
      "title": "Taanka | Classic Blue",
      "totalVariants": 1,
      "url": "https://bluetokaicoffee.com/products/taanka-classic-blue",
    },
    {
      "components": {
        "breadth": 0,
        "discounted": 0,
        "inMerch": 0,
        "position": 0,
        "recency": 1,
        "velocity": 0,
      },
      "demandProxy": 0.15,
      "handle": "aeropress-filter-paper",
      "leakage": 1,
      "medianPrice": 150,
      "priceFactor": 0.5188308914900134,
      "rank": 41,
      "reason": "1/1 variants sold out (Default Title); not in a merchandised collection; updated 0d ago",
      "restockPriority": 0.11391231686175099,
      "soldOutVariantTitles": [
        "Default Title",
      ],
      "soldOutVariants": 1,
      "title": "AeroPress Coffee Filter Paper",
      "totalVariants": 1,
      "url": "https://bluetokaicoffee.com/products/aeropress-filter-paper",
    },
    {
      "components": {
        "breadth": 0,
        "discounted": 0,
        "inMerch": 0,
        "position": 0,
        "recency": 1,
        "velocity": 0,
      },
      "demandProxy": 0.15,
      "handle": "all-products",
      "leakage": 1,
      "medianPrice": 0,
      "priceFactor": 0,
      "rank": 42,
      "reason": "1/1 variants sold out (Default Title); not in a merchandised collection; updated 0d ago",
      "restockPriority": 0.075,
      "soldOutVariantTitles": [
        "Default Title",
      ],
      "soldOutVariants": 1,
      "title": "All Products",
      "totalVariants": 1,
      "url": "https://bluetokaicoffee.com/products/all-products",
    },
    {
      "components": {
        "breadth": 0,
        "discounted": 0,
        "inMerch": 0,
        "position": 0,
        "recency": 1,
        "velocity": 0,
      },
      "demandProxy": 0.15,
      "handle": "salted-almonds",
      "leakage": 0.5,
      "medianPrice": 447,
      "priceFactor": 0.6312893476451518,
      "rank": 43,
      "reason": "1/2 variants sold out (Pack of 2); not in a merchandised collection; updated 0d ago",
      "restockPriority": 0.06117335053669319,
      "soldOutVariantTitles": [
        "Pack of 2",
      ],
      "soldOutVariants": 1,
      "title": "Salted Almonds",
      "totalVariants": 2,
      "url": "https://bluetokaicoffee.com/products/salted-almonds",
    },
    {
      "components": {
        "breadth": 0,
        "discounted": 0,
        "inMerch": 0,
        "position": 0,
        "recency": 1,
        "velocity": 0,
      },
      "demandProxy": 0.15,
      "handle": "salted-cashews",
      "leakage": 0.5,
      "medianPrice": 447,
      "priceFactor": 0.6312893476451518,
      "rank": 44,
      "reason": "1/2 variants sold out (Pack of 2); not in a merchandised collection; updated 0d ago",
      "restockPriority": 0.06117335053669319,
      "soldOutVariantTitles": [
        "Pack of 2",
      ],
      "soldOutVariants": 1,
      "title": "Salted Cashews",
      "totalVariants": 2,
      "url": "https://bluetokaicoffee.com/products/salted-cashews",
    },
    {
      "components": {
        "breadth": 0,
        "discounted": 1,
        "inMerch": 0,
        "position": 0,
        "recency": 1,
        "velocity": 0,
      },
      "demandProxy": 0.04999999999999999,
      "handle": "espresso-machine",
      "leakage": 1,
      "medianPrice": 27999,
      "priceFactor": 1,
      "rank": 45,
      "reason": "1/1 variants sold out (Default Title); not in a merchandised collection; updated 0d ago; discounted",
      "restockPriority": 0.04999999999999999,
      "soldOutVariantTitles": [
        "Default Title",
      ],
      "soldOutVariants": 1,
      "title": "Mage - Espresso Machine",
      "totalVariants": 1,
      "url": "https://bluetokaicoffee.com/products/espresso-machine",
    },
    {
      "components": {
        "breadth": 0,
        "discounted": 1,
        "inMerch": 0,
        "position": 0,
        "recency": 1,
        "velocity": 0,
      },
      "demandProxy": 0.04999999999999999,
      "handle": "moka-pot-hoodie",
      "leakage": 1,
      "medianPrice": 1599,
      "priceFactor": 0.7629252017133311,
      "rank": 46,
      "reason": "5/5 variants sold out (Small, Medium, Large); not in a merchandised collection; updated 0d ago; discounted",
      "restockPriority": 0.04407313004283327,
      "soldOutVariantTitles": [
        "Small",
        "Medium",
        "Large",
        "Extra Large",
        "Double Extra Large",
      ],
      "soldOutVariants": 5,
      "title": "Moka Pot Hoodie",
      "totalVariants": 5,
      "url": "https://bluetokaicoffee.com/products/moka-pot-hoodie",
    },
    {
      "components": {
        "breadth": 0,
        "discounted": 1,
        "inMerch": 0,
        "position": 0,
        "recency": 1,
        "velocity": 0,
      },
      "demandProxy": 0.04999999999999999,
      "handle": "coffee-journal",
      "leakage": 1,
      "medianPrice": 480,
      "priceFactor": 0.638639028654834,
      "rank": 47,
      "reason": "1/1 variants sold out (Default Title); not in a merchandised collection; updated 0d ago; discounted",
      "restockPriority": 0.04096597571637084,
      "soldOutVariantTitles": [
        "Default Title",
      ],
      "soldOutVariants": 1,
      "title": "Coffee Journal",
      "totalVariants": 1,
      "url": "https://bluetokaicoffee.com/products/coffee-journal",
    },
    {
      "components": {
        "breadth": 0,
        "discounted": 1,
        "inMerch": 0,
        "position": 0,
        "recency": 1,
        "velocity": 0,
      },
      "demandProxy": 0.04999999999999999,
      "handle": "v60-filter-paper-v01-v02",
      "leakage": 1,
      "medianPrice": 400,
      "priceFactor": 0.6198283635820522,
      "rank": 48,
      "reason": "2/2 variants sold out (V01, V02); not in a merchandised collection; updated 0d ago; discounted",
      "restockPriority": 0.040495709089551295,
      "soldOutVariantTitles": [
        "V01",
        "V02",
      ],
      "soldOutVariants": 2,
      "title": "V60 Filter Paper/(V01& V02)",
      "totalVariants": 2,
      "url": "https://bluetokaicoffee.com/products/v60-filter-paper-v01-v02",
    },
    {
      "components": {
        "breadth": 0,
        "discounted": 1,
        "inMerch": 0,
        "position": 0,
        "recency": 1,
        "velocity": 0,
      },
      "demandProxy": 0.04999999999999999,
      "handle": "versova-cafe-tee-grey",
      "leakage": 0.75,
      "medianPrice": 719,
      "priceFactor": 0.6803524783722101,
      "rank": 49,
      "reason": "3/4 variants sold out (Small, Large, Extra Large); not in a merchandised collection; updated 0d ago; discounted",
      "restockPriority": 0.03150660896947893,
      "soldOutVariantTitles": [
        "Small",
        "Large",
        "Extra Large",
      ],
      "soldOutVariants": 3,
      "title": "Versova Cafe Tee (Grey)",
      "totalVariants": 4,
      "url": "https://bluetokaicoffee.com/products/versova-cafe-tee-grey",
    },
    {
      "components": {
        "breadth": 0,
        "discounted": 0,
        "inMerch": 0,
        "position": 0,
        "recency": 1,
        "velocity": 0,
      },
      "demandProxy": 0.15,
      "handle": "24-delivery-easy-pour-subscription",
      "leakage": 0.18181818181818182,
      "medianPrice": 7680,
      "priceFactor": 0.9251473566013902,
      "rank": 50,
      "reason": "2/11 variants sold out (Seethargundu Estate | Light Roast / Pack of 10, Sula Barrel Aged Blend | Medium Dark Roast / Pack of 10); not in a merchandised collection; updated 0d ago",
      "restockPriority": 0.026252009408200775,
      "soldOutVariantTitles": [
        "Seethargundu Estate | Light Roast / Pack of 10",
        "Sula Barrel Aged Blend | Medium Dark Roast / Pack of 10",
      ],
      "soldOutVariants": 2,
      "title": "24 Delivery Easy Pour Subscription",
      "totalVariants": 11,
      "url": "https://bluetokaicoffee.com/products/24-delivery-easy-pour-subscription",
    },
    {
      "components": {
        "breadth": 0,
        "discounted": 0,
        "inMerch": 0,
        "position": 0,
        "recency": 1,
        "velocity": 0,
      },
      "demandProxy": 0.15,
      "handle": "12-delivery-easy-pour-subscription",
      "leakage": 0.18181818181818182,
      "medianPrice": 3960,
      "priceFactor": 0.8566645443911429,
      "rank": 51,
      "reason": "2/11 variants sold out (Seethargundu Estate | Light Roast / Pack of 10, Sula Barrel Aged Blend | Medium Dark Roast / Pack of 10); not in a merchandised collection; updated 0d ago",
      "restockPriority": 0.025318152878061037,
      "soldOutVariantTitles": [
        "Seethargundu Estate | Light Roast / Pack of 10",
        "Sula Barrel Aged Blend | Medium Dark Roast / Pack of 10",
      ],
      "soldOutVariants": 2,
      "title": "12 Delivery Easy Pour Subscription",
      "totalVariants": 11,
      "url": "https://bluetokaicoffee.com/products/12-delivery-easy-pour-subscription",
    },
    {
      "components": {
        "breadth": 0,
        "discounted": 0,
        "inMerch": 0,
        "position": 0,
        "recency": 1,
        "velocity": 0,
      },
      "demandProxy": 0.15,
      "handle": "6-delivery-easy-pour-subscription",
      "leakage": 0.18181818181818182,
      "medianPrice": 2100,
      "priceFactor": 0.7910947717096254,
      "rank": 52,
      "reason": "2/11 variants sold out (Seethargundu Estate | Light Roast / Pack of 10, Sula Barrel Aged Blend | Medium Dark Roast / Pack of 10); not in a merchandised collection; updated 0d ago",
      "restockPriority": 0.02442401961422216,
      "soldOutVariantTitles": [
        "Seethargundu Estate | Light Roast / Pack of 10",
        "Sula Barrel Aged Blend | Medium Dark Roast / Pack of 10",
      ],
      "soldOutVariants": 2,
      "title": "6 Delivery Easy Pour Subscription",
      "totalVariants": 11,
      "url": "https://bluetokaicoffee.com/products/6-delivery-easy-pour-subscription",
    },
    {
      "components": {
        "breadth": 0,
        "discounted": 0,
        "inMerch": 0,
        "position": 0,
        "recency": 1,
        "velocity": 0,
      },
      "demandProxy": 0.15,
      "handle": "easy-pour-subscription",
      "leakage": 0.18181818181818182,
      "medianPrice": 1080,
      "priceFactor": 0.7223768435799452,
      "rank": 53,
      "reason": "2/11 variants sold out (Seethargundu Estate | Light Roast / Pack of 10, Sula Barrel Aged Blend | Medium Dark Roast / Pack of 10); not in a merchandised collection; updated 0d ago",
      "restockPriority": 0.023486956957908343,
      "soldOutVariantTitles": [
        "Seethargundu Estate | Light Roast / Pack of 10",
        "Sula Barrel Aged Blend | Medium Dark Roast / Pack of 10",
      ],
      "soldOutVariants": 2,
      "title": "3 Delivery Easy Pour Subscription",
      "totalVariants": 11,
      "url": "https://bluetokaicoffee.com/products/easy-pour-subscription",
    },
    {
      "components": {
        "breadth": 0,
        "discounted": 1,
        "inMerch": 0,
        "position": 0,
        "recency": 1,
        "velocity": 0,
      },
      "demandProxy": 0.04999999999999999,
      "handle": "comfort-combo",
      "leakage": 0.5,
      "medianPrice": 718,
      "priceFactor": 0.6802087552068128,
      "rank": 54,
      "reason": "2/4 variants sold out (Wheat Bran Coconut cookies, Oatmeal & cranberry cookies); not in a merchandised collection; updated 0d ago; discounted",
      "restockPriority": 0.021002609440085154,
      "soldOutVariantTitles": [
        "Wheat Bran Coconut cookies",
        "Oatmeal & cranberry cookies",
      ],
      "soldOutVariants": 2,
      "title": "Comfort Combo",
      "totalVariants": 4,
      "url": "https://bluetokaicoffee.com/products/comfort-combo",
    },
    {
      "components": {
        "breadth": 0,
        "discounted": 1,
        "inMerch": 0,
        "position": 0,
        "recency": 1,
        "velocity": 0,
      },
      "demandProxy": 0.04999999999999999,
      "handle": "coffee-french-press",
      "leakage": 0.043478260869565216,
      "medianPrice": 1800,
      "priceFactor": 0.7751624375734472,
      "rank": 55,
      "reason": "1/23 variants sold out (Hidden Falls Estate - 250g); not in a merchandised collection; updated 0d ago; discounted",
      "restockPriority": 0.0019295243886667901,
      "soldOutVariantTitles": [
        "Hidden Falls Estate - 250g",
      ],
      "soldOutVariants": 1,
      "title": "Coffee + French Press",
      "totalVariants": 23,
      "url": "https://bluetokaicoffee.com/products/coffee-french-press",
    },
  ],
  "schemaVersion": 1,
  "scorecard": [
    {
      "check": "orphan-products",
      "count": 114,
      "denominator": 190,
      "evidence": "products.json cross-referenced against collections/<handle>/products.json for every recorded collection, excluding \`all\`/\`frontpage\`",
      "examples": [
        {
          "note": "not found in any recorded collection",
          "title": "Drop Trial Pack",
          "url": "https://bluetokaicoffee.com/products/drop-trial-pack",
        },
        {
          "note": "not found in any recorded collection",
          "title": "Kolli Berri Estate Subscription",
          "url": "https://bluetokaicoffee.com/products/kolli-berri-estate-subscription",
        },
        {
          "note": "not found in any recorded collection",
          "title": "Excelsa by Mooleh Manay Estate",
          "url": "https://bluetokaicoffee.com/products/excelsa-by-mooleh-manay-estate",
        },
        {
          "note": "not found in any recorded collection",
          "title": "Unhurried Comfort Gift Set",
          "url": "https://bluetokaicoffee.com/products/unhurried-comfort-gift-set",
        },
        {
          "note": "not found in any recorded collection",
          "title": "Slow Days Gift Set",
          "url": "https://bluetokaicoffee.com/products/slow-days-gift-set",
        },
      ],
      "recommendation": "Add these products to at least one collection shoppers actually browse — a product outside every collection can only be found via search or a direct link.",
      "severity": "high",
      "stage": "discovery",
      "title": "Products with no collection placement",
    },
    {
      "check": "sold-out-in-top-positions",
      "count": 3,
      "denominator": null,
      "evidence": "collection.<handle>.json position index for fully sold-out products, top 8 positions of any merchandised collection",
      "examples": [
        {
          "note": "position 5 in Best Coffee Beans in India, fully sold out",
          "title": "Amruthavarshini Estate",
          "url": "https://bluetokaicoffee.com/products/amruthavarshini-estate",
        },
        {
          "note": "position 4 in Best Coffee Beans in India, fully sold out",
          "title": "Wine Barrel Aged Coffee",
          "url": "https://bluetokaicoffee.com/products/wine-barrel-aged",
        },
        {
          "note": "position 8 in Best Sellers NAV, fully sold out",
          "title": "Assorted 6-Pack",
          "url": "https://bluetokaicoffee.com/products/assorted-6-pack",
        },
      ],
      "recommendation": "Reorder the collection grid so a fully sold-out product isn't the first thing a shopper sees, or restock it before the next campaign send.",
      "severity": "high",
      "stage": "discovery",
      "title": "Sold-out products in top collection positions",
    },
    {
      "check": "low-image-count",
      "count": 32,
      "denominator": 190,
      "evidence": "products.json \`images[]\` length per product",
      "examples": [
        {
          "note": "1 image",
          "title": "Drop Trial Pack",
          "url": "https://bluetokaicoffee.com/products/drop-trial-pack",
        },
        {
          "note": "1 image",
          "title": "Terroir Culture by Ratnagiri Estate",
          "url": "https://bluetokaicoffee.com/products/ratnagiri-estate-ps4",
        },
        {
          "note": "1 image",
          "title": "Riverdale Estate - Mosto",
          "url": "https://bluetokaicoffee.com/products/riverdale-estate-mosto",
        },
        {
          "note": "1 image",
          "title": "Raxidi Lobo Estate - Pichia Yeast",
          "url": "https://bluetokaicoffee.com/products/raxidi-lobo-estate-pichia-yeast",
        },
        {
          "note": "1 image",
          "title": "Kerehaklu Estate - Blossom Culture",
          "url": "https://bluetokaicoffee.com/products/kerehaklu-estate-blossom-culture",
        },
      ],
      "recommendation": "Add a second product image — single-image PDPs read as unfinished and convert worse than pages with multiple angles.",
      "severity": "medium",
      "stage": "pdp",
      "title": "Product pages with fewer than 2 images",
    },
    {
      "check": "short-description",
      "count": 65,
      "denominator": 190,
      "evidence": "products.json \`body_html\` stripped to text, length in characters",
      "examples": [
        {
          "note": "0 characters",
          "title": "Drop Trial Pack",
          "url": "https://bluetokaicoffee.com/products/drop-trial-pack",
        },
        {
          "note": "0 characters",
          "title": "Kolli Berri Estate Subscription",
          "url": "https://bluetokaicoffee.com/products/kolli-berri-estate-subscription",
        },
        {
          "note": "0 characters",
          "title": "Kalledevarapura Estate - Pulp Sun Dried Subscription",
          "url": "https://bluetokaicoffee.com/products/kalledevarapura-estate-pulp-sun-dried-subscription-1",
        },
        {
          "note": "160 characters",
          "title": "Comfort Combo",
          "url": "https://bluetokaicoffee.com/products/comfort-combo",
        },
        {
          "note": "0 characters",
          "title": "Sampigehoney Estate Subscription",
          "url": "https://bluetokaicoffee.com/products/sampigehoney-estate-subscription",
        },
      ],
      "recommendation": "Expand the description past a couple of sentences — a description under 200 characters gives a shopper nothing to justify the price or answer basic questions.",
      "severity": "high",
      "stage": "pdp",
      "title": "Product pages with a short description",
    },
    {
      "check": "colour-variants-without-image",
      "count": 2,
      "denominator": 3,
      "evidence": "products.json option named Colour/Color; variant \`featured_image\` presence (\`hasOwnImage\`)",
      "examples": [
        {
          "note": "5 of 5 variants missing their own image",
          "title": "COFFEE T-SHIRT Yellow (Pour over)",
          "url": "https://bluetokaicoffee.com/products/pourover-printed-coffee-tshirt",
        },
        {
          "note": "5 of 5 variants missing their own image",
          "title": "COFFEE T-SHIRT Blue (Mokapot)",
          "url": "https://bluetokaicoffee.com/products/mokapot-printed-blue-coffee-tshirt",
        },
      ],
      "recommendation": "Add a dedicated image for every colour variant — a shopper choosing colour from a swatch with no matching photo is guessing, not deciding.",
      "severity": "high",
      "stage": "pdp",
      "title": "Colour variants missing their own image",
    },
    {
      "check": "core-sizes-sold-out",
      "count": 33,
      "denominator": 144,
      "evidence": "products.json size option values, ordered; middle 50% checked for sold-out",
      "examples": [
        {
          "note": "core sizes 250g sold out",
          "title": "Baarbara Estate - Whiskey Barrel Aged",
          "url": "https://bluetokaicoffee.com/products/baarbara-estate-whiskey-barrel",
        },
        {
          "note": "core sizes 100g sold out",
          "title": "Excelsa by Mooleh Manay Estate",
          "url": "https://bluetokaicoffee.com/products/excelsa-by-mooleh-manay-estate",
        },
        {
          "note": "core sizes 200g sold out",
          "title": "Riverdale Estate - Mosto",
          "url": "https://bluetokaicoffee.com/products/riverdale-estate-mosto",
        },
        {
          "note": "core sizes 200g sold out",
          "title": "Raxidi Lobo Estate - Pichia Yeast",
          "url": "https://bluetokaicoffee.com/products/raxidi-lobo-estate-pichia-yeast",
        },
        {
          "note": "core sizes 200g sold out",
          "title": "Kerehaklu Estate - Blossom Culture",
          "url": "https://bluetokaicoffee.com/products/kerehaklu-estate-blossom-culture",
        },
      ],
      "recommendation": "Prioritise restocking the middle sizes first — the smallest and largest sizes selling through last is normal; the middle going out isn't.",
      "severity": "medium",
      "stage": "variant",
      "title": "Core pack sizes sold out",
    },
    {
      "check": "sold-out-without-capture",
      "count": 0,
      "denominator": 1,
      "evidence": "PDP HTML sampled for highest-leakage sold-out products; searched for swym/back in stock/notify me/restock/klaviyo-bis/bis markers",
      "examples": [],
      "recommendation": "No action needed — sold-out PDPs with no back-in-stock capture found no issues on this run.",
      "severity": "none",
      "stage": "intent-capture",
      "title": "Sold-out PDPs with no back-in-stock capture",
    },
    {
      "check": "policies",
      "count": 2,
      "denominator": 2,
      "evidence": "robots.txt disallows /policies/* (and /*/policies/*) for User-agent: *, so the shipping/refund policy pages were not fetched (shipping policy not checked (robots.txt disallows); refund policy not checked (robots.txt disallows)); linkedFromHome=false",
      "examples": [],
      "recommendation": "This store's robots.txt disallows /policies/*, so a compliant scanner — and any AI shopping agent or price-comparison tool that honours robots.txt — can't verify your shipping/refund terms programmatically. Consider allowing those two specific paths if you want that trust signal visible to automated buyers.",
      "severity": "low",
      "stage": "trust",
      "title": "Shipping / refund policy verification",
    },
  ],
  "snapshotFetchedAt": "2026-09-22T12:00:00.000Z",
  "store": {
    "host": "bluetokaicoffee.com",
  },
}
`;
